{"tool":"phpunit","result":"failed","tests":1,"passed":0,"assertions":3,"duration_ms":456,"failed":1,"failures":[{"test":"Tests\\Feature\\GestionDossiersTest::test_workspace_tab_switching_and_updates","file":"/Users/salim/Downloads/asusrence/tests/Feature/GestionDossiersTest.php","line":163,"message":"Failed asserting that '\"enz5MMhNke3XkZZCFxFM\" class=\"py-6\">\\n\n    <div class=\"max-w-7xl mx-auto px-4 sm:px-6 lg:px-8\">\\n\n        \\n\n        <!-- HEADER BAR: Case Info & Actions -->\\n\n        <div class=\"bg-white p-6 rounded-2xl border border-gray-200 shadow-sm mb-6 flex flex-col lg:flex-row justify-between items-start lg:items-center gap-4\">\\n\n            <div class=\"flex items-center gap-4\">\\n\n                <div class=\"h-12 w-12 rounded-xl bg-indigo-50 text-indigo-700 flex items-center justify-center font-extrabold text-xl shadow-inner\">\\n\n                    DS\\n\n                </div>\\n\n                <div>\\n\n                    <div class=\"flex items-center gap-2\">\\n\n                        <h1 class=\"text-xl font-bold text-gray-900\">DS-2026-000001</h1>\\n\n                        <span class=\"px-2.5 py-0.5 text-[10px] font-bold bg-indigo-50 text-indigo-700 rounded-full uppercase tracking-wider\">complaint</span>\\n\n                    </div>\\n\n                    <p class=\"text-xs text-gray-500 font-medium mt-1\">Client: <span class=\"font-bold text-gray-800\">Tariq Benoumar</span> | Cr\u00e9\u00e9 le 21/07/2026</p>\\n\n                </div>\\n\n            </div>\\n\n            \\n\n            <!-- Quick Workflow Status Badge Dropdown -->\\n\n            <div class=\"flex flex-wrap items-center gap-2 w-full lg:w-auto\">\\n\n                <div class=\"flex items-center gap-1.5 bg-slate-100 border border-gray-200 px-3 py-1.5 rounded-xl text-xs font-bold text-gray-700\">\\n\n                    Statut Actuel: \\n\n                    <span class=\"uppercase text-indigo-700\">open</span>\\n\n                </div>\\n\n\\n\n                <select wire:change=\"updateStatus($event.target.value)\" class=\"bg-indigo-650 hover:bg-indigo-700 text-white font-bold text-xs px-3 py-2 rounded-xl focus:outline-none cursor-pointer border-none shadow-sm shadow-indigo-900/10\">\\n\n                    <option value=\"\">Changer Statut...</option>\\n\n                    <option value=\"open\">Ouvert</option>\\n\n                    <option value=\"assigned\">Assign\u00e9</option>\\n\n                    <option value=\"waiting_client\">Attente Client</option>\\n\n                    <option value=\"waiting_company\">Attente Compagnie</option>\\n\n                    <option value=\"waiting_expert\">Attente Expert</option>\\n\n                    <option value=\"waiting_garage\">Attente Garage</option>\\n\n                    <option value=\"docs_missing\">Pi\u00e8ces Manquantes</option>\\n\n                    <option value=\"in_progress\">En Cours</option>\\n\n                    <option value=\"approved\">Approuv\u00e9</option>\\n\n                    <option value=\"resolved\">R\u00e9solu</option>\\n\n                    <option value=\"closed\">Ferm\u00e9</option>\\n\n                    <option value=\"cancelled\">Annul\u00e9</option>\\n\n                </select>\\n\n            </div>\\n\n        </div>\\n\n\\n\n        <!-- WORKFLOW PATH TRACKER (Chevron Banner) -->\\n\n        <div class=\"bg-white px-6 py-4 rounded-xl border border-gray-200 shadow-sm mb-6 overflow-x-auto scrollbar-none\">\\n\n            <div class=\"flex items-center min-w-max\">\\n\n                                <!--[if BLOCK]><![endif]-->                    <div class=\"flex items-center\">\\n\n                        <div class=\"flex items-center gap-2 px-3 py-1.5 rounded-lg text-xs font-bold transition-all\\n\n                             bg-indigo-600 text-white shadow-sm shadow-indigo-900/10\\n\n                            \">\\n\n                            <span class=\"h-4 w-4 rounded-full bg-current opacity-25 flex items-center justify-center text-[10px] text-white font-bold\">1</span>\\n\n                            Ouvert\\n\n                        </div>\\n\n                        <!--[if BLOCK]><![endif]-->                            <svg class=\"h-4 w-4 mx-2 text-gray-300\" fill=\"none\" viewBox=\"0 0 24 24\" stroke=\"currentColor\">\\n\n                                <path stroke-linecap=\"round\" stroke-linejoin=\"round\" stroke-width=\"2\" d=\"M9 5l7 7-7 7\" />\\n\n                            </svg>\\n\n                        <!--[if ENDBLOCK]><![endif]-->                    </div>\\n\n                                    <div class=\"flex items-center\">\\n\n                        <div class=\"flex items-center gap-2 px-3 py-1.5 rounded-lg text-xs font-bold transition-all\\n\n                             text-gray-400 \">\\n\n                            <span class=\"h-4 w-4 rounded-full bg-current opacity-25 flex items-center justify-center text-[10px] text-white font-bold\">2</span>\\n\n                            Assign\u00e9\\n\n                        </div>\\n\n                        <!--[if BLOCK]><![endif]-->                            <svg class=\"h-4 w-4 mx-2 text-gray-300\" fill=\"none\" viewBox=\"0 0 24 24\" stroke=\"currentColor\">\\n\n                                <path stroke-linecap=\"round\" stroke-linejoin=\"round\" stroke-width=\"2\" d=\"M9 5l7 7-7 7\" />\\n\n                            </svg>\\n\n                        <!--[if ENDBLOCK]><![endif]-->                    </div>\\n\n                                    <div class=\"flex items-center\">\\n\n                        <div class=\"flex items-center gap-2 px-3 py-1.5 rounded-lg text-xs font-bold transition-all\\n\n                             text-gray-400 \">\\n\n                            <span class=\"h-4 w-4 rounded-full bg-current opacity-25 flex items-center justify-center text-[10px] text-white font-bold\">3</span>\\n\n                            En Cours\\n\n                        </div>\\n\n                        <!--[if BLOCK]><![endif]-->                            <svg class=\"h-4 w-4 mx-2 text-gray-300\" fill=\"none\" viewBox=\"0 0 24 24\" stroke=\"currentColor\">\\n\n                                <path stroke-linecap=\"round\" stroke-linejoin=\"round\" stroke-width=\"2\" d=\"M9 5l7 7-7 7\" />\\n\n                            </svg>\\n\n                        <!--[if ENDBLOCK]><![endif]-->                    </div>\\n\n                                    <div class=\"flex items-center\">\\n\n                        <div class=\"flex items-center gap-2 px-3 py-1.5 rounded-lg text-xs font-bold transition-all\\n\n                             text-gray-400 \">\\n\n                            <span class=\"h-4 w-4 rounded-full bg-current opacity-25 flex items-center justify-center text-[10px] text-white font-bold\">4</span>\\n\n                            Compagnie\\n\n                        </div>\\n\n                        <!--[if BLOCK]><![endif]-->                            <svg class=\"h-4 w-4 mx-2 text-gray-300\" fill=\"none\" viewBox=\"0 0 24 24\" stroke=\"currentColor\">\\n\n                                <path stroke-linecap=\"round\" stroke-linejoin=\"round\" stroke-width=\"2\" d=\"M9 5l7 7-7 7\" />\\n\n                            </svg>\\n\n                        <!--[if ENDBLOCK]><![endif]-->                    </div>\\n\n                                    <div class=\"flex items-center\">\\n\n                        <div class=\"flex items-center gap-2 px-3 py-1.5 rounded-lg text-xs font-bold transition-all\\n\n                             text-gray-400 \">\\n\n                            <span class=\"h-4 w-4 rounded-full bg-current opacity-25 flex items-center justify-center text-[10px] text-white font-bold\">5</span>\\n\n                            R\u00e9solu\\n\n                        </div>\\n\n                        <!--[if BLOCK]><![endif]-->                            <svg class=\"h-4 w-4 mx-2 text-gray-300\" fill=\"none\" viewBox=\"0 0 24 24\" stroke=\"currentColor\">\\n\n                                <path stroke-linecap=\"round\" stroke-linejoin=\"round\" stroke-width=\"2\" d=\"M9 5l7 7-7 7\" />\\n\n                            </svg>\\n\n                        <!--[if ENDBLOCK]><![endif]-->                    </div>\\n\n                                    <div class=\"flex items-center\">\\n\n                        <div class=\"flex items-center gap-2 px-3 py-1.5 rounded-lg text-xs font-bold transition-all\\n\n                             text-gray-400 \">\\n\n                            <span class=\"h-4 w-4 rounded-full bg-current opacity-25 flex items-center justify-center text-[10px] text-white font-bold\">6</span>\\n\n                            Ferm\u00e9\\n\n                        </div>\\n\n                        <!--[if BLOCK]><![endif]--><!--[if ENDBLOCK]><![endif]-->                    </div>\\n\n                <!--[if ENDBLOCK]><![endif]-->            </div>\\n\n        </div>\\n\n\\n\n        <!-- MAIN LAYOUT (2 Columns) -->\\n\n        <div class=\"grid grid-cols-1 lg:grid-cols-3 gap-6\">\\n\n            \\n\n            <!-- LEFT COLUMN: Workspace Tabs & Details (2/3 width) -->\\n\n            <div class=\"lg:col-span-2 space-y-6\">\\n\n                <!-- Tab Headers -->\\n\n                <div class=\"bg-white p-1 rounded-xl border border-gray-200 shadow-sm flex overflow-x-auto scrollbar-none gap-1\">\\n\n                    <!--[if BLOCK]><![endif]-->                        <button wire:click=\"$set('activeTab', 'overview')\" class=\"flex-shrink-0 px-4 py-2.5 text-xs font-bold rounded-lg transition-all\\n\n                             text-gray-500 hover:text-gray-900 hover:bg-slate-50 \">\\n\n                            \ud83d\udcc1 Vue d&#039;ensemble\\n\n                        </button>\\n\n                                            <button wire:click=\"$set('activeTab', 'timeline')\" class=\"flex-shrink-0 px-4 py-2.5 text-xs font-bold rounded-lg transition-all\\n\n                             bg-indigo-50 text-indigo-700\\n\n                            \">\\n\n                            \ud83d\udd52 Timeline\\n\n                        </button>\\n\n                                            <button wire:click=\"$set('activeTab', 'communications')\" class=\"flex-shrink-0 px-4 py-2.5 text-xs font-bold rounded-lg transition-all\\n\n                             text-gray-500 hover:text-gray-900 hover:bg-slate-50 \">\\n\n                            \ud83d\udcac Communications\\n\n                        </button>\\n\n                                            <button wire:click=\"$set('activeTab', 'tasks')\" class=\"flex-shrink-0 px-4 py-2.5 text-xs font-bold rounded-lg transition-all\\n\n                             text-gray-500 hover:text-gray-900 hover:bg-slate-50 \">\\n\n                            \u2714\ufe0f T\u00e2ches\\n\n                        </button>\\n\n                                            <button wire:click=\"$set('activeTab', 'payments')\" class=\"flex-shrink-0 px-4 py-2.5 text-xs font-bold rounded-lg transition-all\\n\n                             text-gray-500 hover:text-gray-900 hover:bg-slate-50 \">\\n\n                            \ud83d\udcb0 Paiements\\n\n                        </button>\\n\n                                            <button wire:click=\"$set('activeTab', 'parties')\" class=\"flex-shrink-0 px-4 py-2.5 text-xs font-bold rounded-lg transition-all\\n\n                             text-gray-500 hover:text-gray-900 hover:bg-slate-50 \">\\n\n                            \ud83d\udc65 Parties\\n\n                        </button>\\n\n                                            <button wire:click=\"$set('activeTab', 'expert_garage')\" class=\"flex-shrink-0 px-4 py-2.5 text-xs font-bold rounded-lg transition-all\\n\n                             text-gray-500 hover:text-gray-900 hover:bg-slate-50 \">\\n\n                            \ud83d\udd27 Expert &amp; Garage\\n\n                        </button>\\n\n                                            <button wire:click=\"$set('activeTab', 'documents')\" class=\"flex-shrink-0 px-4 py-2.5 text-xs font-bold rounded-lg transition-all\\n\n                             text-gray-500 hover:text-gray-900 hover:bg-slate-50 \">\\n\n                            \ud83d\udcc4 Documents\\n\n                        </button>\\n\n                                            <button wire:click=\"$set('activeTab', 'ai_assistant')\" class=\"flex-shrink-0 px-4 py-2.5 text-xs font-bold rounded-lg transition-all\\n\n                             text-gray-500 hover:text-gray-900 hover:bg-slate-50 \">\\n\n                            \u26a1 Copilot AI\\n\n                        </button>\\n\n                    <!--[if ENDBLOCK]><![endif]-->                </div>\\n\n\\n\n                <!-- Tab Contents -->\\n\n                <div class=\"bg-white p-6 rounded-2xl border border-gray-200 shadow-sm min-h-[500px]\">\\n\n                    \\n\n                    <!-- TAB 1: OVERVIEW -->\\n\n                    <!--[if BLOCK]><![endif]--><!--[if ENDBLOCK]><![endif]-->\\n\n                    <!-- TAB 2: TIMELINE / HISTORY -->\\n\n                    <!--[if BLOCK]><![endif]-->                        <div class=\"space-y-6\">\\n\n                            <h2 class=\"text-sm font-bold text-gray-800 uppercase tracking-wider border-b pb-2 mb-4\">Fil d'Activit\u00e9s & Historique du Cas</h2>\\n\n                            <div class=\"flow-root\">\\n\n                                <ul class=\"-mb-8\">\\n\n                                                                        <!--[if BLOCK]><![endif]-->                                        <div class=\"py-8 text-center text-xs text-gray-450 italic\">Aucune activit\u00e9 enregistr\u00e9e.</div>\\n\n                                    <!--[if ENDBLOCK]><![endif]-->                                </ul>\\n\n                            </div>\\n\n                        </div>\\n\n                    <!--[if ENDBLOCK]><![endif]-->\\n\n                    <!-- TAB 3: COMMUNICATIONS -->\\n\n                    <!--[if BLOCK]><![endif]--><!--[if ENDBLOCK]><![endif]-->\\n\n                    <!-- TAB 4: TASKS -->\\n\n                    <!--[if BLOCK]><![endif]--><!--[if ENDBLOCK]><![endif]-->\\n\n                    <!-- TAB 5: PAYMENTS & CHEQUES -->\\n\n                    <!--[if BLOCK]><![endif]--><!--[if ENDBLOCK]><![endif]-->\\n\n                    <!-- TAB 6: PARTIES INVOLVED -->\\n\n                    <!--[if BLOCK]><![endif]--><!--[if ENDBLOCK]><![endif]-->\\n\n                    <!-- TAB 7: EXPERT & GARAGE -->\\n\n                    <!--[if BLOCK]><![endif]--><!--[if ENDBLOCK]><![endif]-->\\n\n                    <!-- TAB 8: DOCUMENTS & PHOTOS -->\\n\n                    <!--[if BLOCK]><![endif]--><!--[if ENDBLOCK]><![endif]-->\\n\n                    <!-- TAB 9: AI COPILOT ASSISTANT -->\\n\n                    <!--[if BLOCK]><![endif]--><!--[if ENDBLOCK]><![endif]-->\\n\n                </div>\\n\n            </div>\\n\n\\n\n            <!-- RIGHT COLUMN: Sticky Info Panel (1/3 width) -->\\n\n            <div class=\"space-y-6\">\\n\n                <!-- Checklist Tracker Card -->\\n\n                <div class=\"bg-indigo-950 text-white p-6 rounded-2xl border border-indigo-900 shadow-sm space-y-4\">\\n\n                    <h3 class=\"text-xs font-extrabold uppercase tracking-widest text-indigo-200\">Suivi Progression SLA</h3>\\n\n                    <div class=\"flex justify-between items-baseline\">\\n\n                        <span class=\"text-3xl font-black\">10%</span>\\n\n                        <span class=\"text-[10px] font-bold bg-indigo-800 text-indigo-100 px-2 py-0.5 rounded uppercase\">open</span>\\n\n                    </div>\\n\n                    <div class=\"w-full bg-indigo-900 rounded-full h-2 overflow-hidden\">\\n\n                        <div class=\"bg-teal-400 h-2 rounded-full transition-all duration-500\" style=\"width: 10%\"></div>\\n\n                    </div>\\n\n                </div>\\n\n\\n\n                <!-- Client Summary Card -->\\n\n                <div class=\"bg-white p-6 rounded-2xl border border-gray-200 shadow-sm space-y-4\">\\n\n                    <h3 class=\"text-xs font-extrabold uppercase tracking-wider text-gray-450 border-b pb-2\">R\u00e9sum\u00e9 Client</h3>\\n\n                    <div class=\"flex items-center gap-3\">\\n\n                        <div class=\"h-10 w-10 rounded-full bg-slate-100 flex items-center justify-center font-bold text-gray-600 text-sm\">\\n\n                            T\\n\n                        </div>\\n\n                        <div class=\"overflow-hidden\">\\n\n                            <h4 class=\"text-sm font-bold text-gray-800 truncate\">Tariq Benoumar</h4>\\n\n                            <span class=\"px-2 py-0.5 text-[8px] font-bold bg-slate-150 text-slate-700 rounded uppercase\">individual</span>\\n\n                        </div>\\n\n                    </div>\\n\n                    \\n\n                    <div class=\"space-y-2 text-xs font-medium text-gray-600\">\\n\n                        <div class=\"flex justify-between\">\\n\n                            <span>T\u00e9l\u00e9phone:</span>\\n\n                            <span class=\"font-bold text-gray-850\">0611223344</span>\\n\n                        </div>\\n\n                        <div class=\"flex justify-between\">\\n\n                            <span>National ID:</span>\\n\n                            <span class=\"font-bold text-gray-850\">EE123456</span>\\n\n                        </div>\\n\n                        <div class=\"flex justify-between\">\\n\n                            <span>Solde Impay\u00e9:</span>\\n\n                            <span class=\"font-bold text-rose-600\">0 DH</span>\\n\n                        </div>\\n\n                    </div>\\n\n                </div>\\n\n\\n\n                <!-- Contract Summary Card -->\\n\n                <!--[if BLOCK]><![endif]--><!--[if ENDBLOCK]><![endif]-->\\n\n                <!-- Assignment Settings Card -->\\n\n                <div class=\"bg-white p-6 rounded-2xl border border-gray-200 shadow-sm space-y-4\">\\n\n                    <h3 class=\"text-xs font-extrabold uppercase tracking-wider text-gray-450 border-b pb-2\">Attribution du Dossier</h3>\\n\n                    <div class=\"space-y-4\">\\n\n                        <!-- Employee Selection -->\\n\n                        <div>\\n\n                            <label class=\"block text-[10px] font-bold text-gray-500 uppercase tracking-wider mb-1\">Conseiller Assign\u00e9</label>\\n\n                            <select wire:model.live=\"assigned_employee_id\" class=\"w-full bg-slate-50 border border-gray-200 rounded-xl px-3 py-1.5 text-xs font-semibold text-gray-700\">\\n\n                                <option value=\"\">Non assign\u00e9</option>\\n\n                                <!--[if BLOCK]><![endif]-->                                    <option value=\"1\">El Alami Karim</option>\\n\n                                <!--[if ENDBLOCK]><![endif]-->                            </select>\\n\n                        </div>\\n\n                        \\n\n                        <!-- Manager Selection -->\\n\n                        <div>\\n\n                            <label class=\"block text-[10px] font-bold text-gray-500 uppercase tracking-wider mb-1\">Superviseur / Manager</label>\\n\n                            <select wire:model.live=\"manager_id\" class=\"w-full bg-slate-50 border border-gray-200 rounded-xl px-3 py-1.5 text-xs font-semibold text-gray-700\">\\n\n                                <option value=\"\">S\u00e9lectionner un manager</option>\\n\n                                <!--[if BLOCK]><![endif]-->                                    <option value=\"1\">Admin Dossier Test Agency</option>\\n\n                                                                    <option value=\"2\">Agent Rachid</option>\\n\n                                                                    <option value=\"3\">Andr\u00e9 Le Duhamel</option>\\n\n                                <!--[if ENDBLOCK]><![endif]-->                            </select>\\n\n                        </div>\\n\n\\n\n                        <!-- Priority & Urgency Update -->\\n\n                        <div class=\"grid grid-cols-2 gap-2\">\\n\n                            <div>\\n\n                                <label class=\"block text-[10px] font-bold text-gray-500 uppercase tracking-wider mb-1\">Priorit\u00e9</label>\\n\n                                <select wire:model=\"priority\" wire:change=\"updatePriorityUrgency\" class=\"w-full bg-slate-50 border border-gray-200 rounded-xl px-2 py-1 text-xs font-semibold text-gray-700\">\\n\n                                    <option value=\"low\">Basse</option>\\n\n                                    <option value=\"medium\">Moyenne</option>\\n\n                                    <option value=\"high\">Haute</option>\\n\n                                    <option value=\"critical\">Critique</option>\\n\n                                </select>\\n\n                            </div>\\n\n                            <div>\\n\n                                <label class=\"block text-[10px] font-bold text-gray-500 uppercase tracking-wider mb-1\">Urgence</label>\\n\n                                <select wire:model=\"urgency\" wire:change=\"updatePriorityUrgency\" class=\"w-full bg-slate-50 border border-gray-200 rounded-xl px-2 py-1 text-xs font-semibold text-gray-700\">\\n\n                                    <option value=\"low\">Basse</option>\\n\n                                    <option value=\"medium\">Moyenne</option>\\n\n                                    <option value=\"high\">Haute</option>\\n\n                                    <option value=\"critical\">Critique</option>\\n\n                                </select>\\n\n                            </div>\\n\n                        </div>\\n\n                    </div>\\n\n                </div>\\n\n            </div>\\n\n            \\n\n        </div>\\n\n    </div>\\n\n</div>' [UTF-8](length: 20337) contains \"Fil d&#039;Activit\u00e9s\" [UTF-8](length: 21)."}]}
